[2026-02-12T12:31:38.464+0000] {processor.py:186} INFO - Started process (PID=188) to work on /opt/airflow/dags/stores_dag.py
[2026-02-12T12:31:38.465+0000] {processor.py:914} INFO - Processing file /opt/airflow/dags/stores_dag.py for tasks to queue
[2026-02-12T12:31:38.468+0000] {logging_mixin.py:190} INFO - [2026-02-12T12:31:38.467+0000] {dagbag.py:588} INFO - Filling up the DagBag from /opt/airflow/dags/stores_dag.py
[2026-02-12T12:31:39.700+0000] {processor.py:925} INFO - DAG(s) 'validate_csv' retrieved from /opt/airflow/dags/stores_dag.py
[2026-02-12T12:31:39.836+0000] {logging_mixin.py:190} INFO - [2026-02-12T12:31:39.835+0000] {override.py:1911} INFO - Created Permission View: can edit on DAG:validate_csv
[2026-02-12T12:31:39.841+0000] {logging_mixin.py:190} INFO - [2026-02-12T12:31:39.841+0000] {override.py:1911} INFO - Created Permission View: can read on DAG:validate_csv
[2026-02-12T12:31:39.844+0000] {logging_mixin.py:190} INFO - [2026-02-12T12:31:39.844+0000] {override.py:1911} INFO - Created Permission View: can delete on DAG:validate_csv
[2026-02-12T12:31:39.848+0000] {logging_mixin.py:190} INFO - [2026-02-12T12:31:39.848+0000] {override.py:1911} INFO - Created Permission View: menu access on DAG Run:validate_csv
[2026-02-12T12:31:39.852+0000] {logging_mixin.py:190} INFO - [2026-02-12T12:31:39.852+0000] {override.py:1911} INFO - Created Permission View: can read on DAG Run:validate_csv
[2026-02-12T12:31:39.855+0000] {logging_mixin.py:190} INFO - [2026-02-12T12:31:39.855+0000] {override.py:1911} INFO - Created Permission View: can delete on DAG Run:validate_csv
[2026-02-12T12:31:39.859+0000] {logging_mixin.py:190} INFO - [2026-02-12T12:31:39.859+0000] {override.py:1911} INFO - Created Permission View: can create on DAG Run:validate_csv
[2026-02-12T12:31:39.859+0000] {logging_mixin.py:190} INFO - [2026-02-12T12:31:39.859+0000] {dag.py:3239} INFO - Sync 1 DAGs
[2026-02-12T12:31:39.866+0000] {logging_mixin.py:190} INFO - [2026-02-12T12:31:39.865+0000] {dag.py:3262} INFO - Creating ORM DAG for validate_csv
[2026-02-12T12:31:39.873+0000] {logging_mixin.py:190} INFO - [2026-02-12T12:31:39.873+0000] {dag.py:4180} INFO - Setting next_dagrun for validate_csv to 2026-02-11 00:00:00+00:00, run_after=2026-02-12 00:00:00+00:00
[2026-02-12T12:31:39.885+0000] {processor.py:208} INFO - Processing /opt/airflow/dags/stores_dag.py took 1.425 seconds
[2026-02-12T12:32:10.114+0000] {processor.py:186} INFO - Started process (PID=193) to work on /opt/airflow/dags/stores_dag.py
[2026-02-12T12:32:10.115+0000] {processor.py:914} INFO - Processing file /opt/airflow/dags/stores_dag.py for tasks to queue
[2026-02-12T12:32:10.116+0000] {logging_mixin.py:190} INFO - [2026-02-12T12:32:10.116+0000] {dagbag.py:588} INFO - Filling up the DagBag from /opt/airflow/dags/stores_dag.py
[2026-02-12T12:32:10.391+0000] {processor.py:925} INFO - DAG(s) 'validate_csv' retrieved from /opt/airflow/dags/stores_dag.py
[2026-02-12T12:32:10.401+0000] {logging_mixin.py:190} INFO - [2026-02-12T12:32:10.401+0000] {dag.py:3239} INFO - Sync 1 DAGs
[2026-02-12T12:32:10.409+0000] {logging_mixin.py:190} INFO - [2026-02-12T12:32:10.409+0000] {dag.py:4180} INFO - Setting next_dagrun for validate_csv to 2026-02-11 00:00:00+00:00, run_after=2026-02-12 00:00:00+00:00
[2026-02-12T12:32:10.416+0000] {processor.py:208} INFO - Processing /opt/airflow/dags/stores_dag.py took 0.306 seconds
[2026-02-12T12:32:40.633+0000] {processor.py:186} INFO - Started process (PID=198) to work on /opt/airflow/dags/stores_dag.py
[2026-02-12T12:32:40.633+0000] {processor.py:914} INFO - Processing file /opt/airflow/dags/stores_dag.py for tasks to queue
[2026-02-12T12:32:40.635+0000] {logging_mixin.py:190} INFO - [2026-02-12T12:32:40.635+0000] {dagbag.py:588} INFO - Filling up the DagBag from /opt/airflow/dags/stores_dag.py
[2026-02-12T12:32:40.902+0000] {processor.py:925} INFO - DAG(s) 'validate_csv' retrieved from /opt/airflow/dags/stores_dag.py
[2026-02-12T12:32:40.914+0000] {logging_mixin.py:190} INFO - [2026-02-12T12:32:40.914+0000] {dag.py:3239} INFO - Sync 1 DAGs
[2026-02-12T12:32:40.925+0000] {logging_mixin.py:190} INFO - [2026-02-12T12:32:40.925+0000] {dag.py:4180} INFO - Setting next_dagrun for validate_csv to 2026-02-11 00:00:00+00:00, run_after=2026-02-12 00:00:00+00:00
[2026-02-12T12:32:40.933+0000] {processor.py:208} INFO - Processing /opt/airflow/dags/stores_dag.py took 0.304 seconds
[2026-02-12T12:33:11.215+0000] {processor.py:186} INFO - Started process (PID=203) to work on /opt/airflow/dags/stores_dag.py
[2026-02-12T12:33:11.215+0000] {processor.py:914} INFO - Processing file /opt/airflow/dags/stores_dag.py for tasks to queue
[2026-02-12T12:33:11.217+0000] {logging_mixin.py:190} INFO - [2026-02-12T12:33:11.216+0000] {dagbag.py:588} INFO - Filling up the DagBag from /opt/airflow/dags/stores_dag.py
[2026-02-12T12:33:11.468+0000] {processor.py:925} INFO - DAG(s) 'validate_csv' retrieved from /opt/airflow/dags/stores_dag.py
[2026-02-12T12:33:11.480+0000] {logging_mixin.py:190} INFO - [2026-02-12T12:33:11.480+0000] {dag.py:3239} INFO - Sync 1 DAGs
[2026-02-12T12:33:11.489+0000] {logging_mixin.py:190} INFO - [2026-02-12T12:33:11.488+0000] {dag.py:4180} INFO - Setting next_dagrun for validate_csv to 2026-02-11 00:00:00+00:00, run_after=2026-02-12 00:00:00+00:00
[2026-02-12T12:33:11.497+0000] {processor.py:208} INFO - Processing /opt/airflow/dags/stores_dag.py took 0.286 seconds
[2026-02-12T12:34:40.933+0000] {processor.py:186} INFO - Started process (PID=188) to work on /opt/airflow/dags/stores_dag.py
[2026-02-12T12:34:40.934+0000] {processor.py:914} INFO - Processing file /opt/airflow/dags/stores_dag.py for tasks to queue
[2026-02-12T12:34:40.935+0000] {logging_mixin.py:190} INFO - [2026-02-12T12:34:40.935+0000] {dagbag.py:588} INFO - Filling up the DagBag from /opt/airflow/dags/stores_dag.py
[2026-02-12T12:34:41.908+0000] {processor.py:925} INFO - DAG(s) 'validate_csv' retrieved from /opt/airflow/dags/stores_dag.py
[2026-02-12T12:34:41.928+0000] {logging_mixin.py:190} INFO - [2026-02-12T12:34:41.928+0000] {dag.py:3239} INFO - Sync 1 DAGs
[2026-02-12T12:34:41.941+0000] {logging_mixin.py:190} INFO - [2026-02-12T12:34:41.940+0000] {dag.py:4180} INFO - Setting next_dagrun for validate_csv to 2026-02-11 00:00:00+00:00, run_after=2026-02-12 00:00:00+00:00
[2026-02-12T12:34:41.949+0000] {processor.py:208} INFO - Processing /opt/airflow/dags/stores_dag.py took 1.019 seconds
[2026-02-12T12:35:12.164+0000] {processor.py:186} INFO - Started process (PID=193) to work on /opt/airflow/dags/stores_dag.py
[2026-02-12T12:35:12.165+0000] {processor.py:914} INFO - Processing file /opt/airflow/dags/stores_dag.py for tasks to queue
[2026-02-12T12:35:12.166+0000] {logging_mixin.py:190} INFO - [2026-02-12T12:35:12.166+0000] {dagbag.py:588} INFO - Filling up the DagBag from /opt/airflow/dags/stores_dag.py
[2026-02-12T12:35:12.438+0000] {processor.py:925} INFO - DAG(s) 'validate_csv' retrieved from /opt/airflow/dags/stores_dag.py
[2026-02-12T12:35:12.451+0000] {logging_mixin.py:190} INFO - [2026-02-12T12:35:12.451+0000] {dag.py:3239} INFO - Sync 1 DAGs
[2026-02-12T12:35:12.461+0000] {logging_mixin.py:190} INFO - [2026-02-12T12:35:12.461+0000] {dag.py:4180} INFO - Setting next_dagrun for validate_csv to 2026-02-11 00:00:00+00:00, run_after=2026-02-12 00:00:00+00:00
[2026-02-12T12:35:12.469+0000] {processor.py:208} INFO - Processing /opt/airflow/dags/stores_dag.py took 0.308 seconds
